stdout contained expected output for INPUT1
stdout contained expected output for INPUT2
stdout contained expected output for INPUT3