stdout contained new usage text for option
stdout contained new usage text for enum option
stdout contained new usage text for option list
stdout contained default usage text for option
stdout contained default usage text for enum option
stdout contained default usage text for option list