Test for GNATCOLL.OS.FSUtil.Sync_Trees
OK   test.adb:15
Source tree
===========
FILE src_top_dir/0
FILE src_top_dir/1
FILE src_top_dir/2

Destination tree
================
FILE dst_top_dir/0
FILE dst_top_dir/1
FILE dst_top_dir/2

Content checking
================
<=== TEST PASSED ===>
