Argument parsing failed: Unrecognized argument "-Q"
OK   test.adb:26
<=== TEST PASSED ===>
