Help text doesn't wrap at 80 characters when permitted, as expected