stdout contained expected output for FLAG1
stdout contained expected output for FLAG2
stdout contained expected output for FLAG3