Test for GNATCOLL.OS.FSUtil.Sync_Trees
OK   test.adb:15
Source tree
===========
DIR src_top_dir/dir1
DIR src_top_dir/dir2
DIR src_top_dir/dir3
FILE src_top_dir/dir1/file1
FILE src_top_dir/dir3/file3
FILE src_top_dir/file1
SYMLINK src_top_dir/dir1/dir3_link -> ../dir3
SYMLINK src_top_dir/file3_link -> ./dir3/file3
SYMLINK src_top_dir/relative_external_dir_link -> ../src_top_dir/dir1

Destination tree
================
DIR dst_top_dir/dir1
DIR dst_top_dir/dir1/dir3_link
DIR dst_top_dir/dir2
DIR dst_top_dir/dir3
DIR dst_top_dir/relative_external_dir_link
DIR dst_top_dir/relative_external_dir_link/dir3_link
FILE dst_top_dir/dir1/dir3_link/file3
FILE dst_top_dir/dir1/file1
FILE dst_top_dir/dir3/file3
FILE dst_top_dir/file1
FILE dst_top_dir/file3_link
FILE dst_top_dir/relative_external_dir_link/dir3_link/file3
FILE dst_top_dir/relative_external_dir_link/file1

Content checking
================
<=== TEST PASSED ===>
